Release 13.2 - xst O.61xd (nt)
Copyright (c) 1995-2011 Xilinx, Inc.  All rights reserved.
--> Parameter TMPDIR set to xst/projnav.tmp


Total REAL time to Xst completion: 0.00 secs
Total CPU time to Xst completion: 0.15 secs
 
--> Parameter xsthdpdir set to xst


Total REAL time to Xst completion: 0.00 secs
Total CPU time to Xst completion: 0.15 secs
 
--> Reading design: system.prj

TABLE OF CONTENTS
  1) Synthesis Options Summary
  2) HDL Compilation
  3) Design Hierarchy Analysis
  4) HDL Analysis
  5) HDL Synthesis
     5.1) HDL Synthesis Report
  6) Advanced HDL Synthesis
     6.1) Advanced HDL Synthesis Report
  7) Low Level Synthesis
  8) Partition Report
  9) Final Report
	9.1) Device utilization summary
	9.2) Partition Resource Summary
	9.3) TIMING REPORT


=========================================================================
*                      Synthesis Options Summary                        *
=========================================================================
---- Source Parameters
Input File Name                    : "system.prj"
Input Format                       : mixed
Ignore Synthesis Constraint File   : NO

---- Target Parameters
Output File Name                   : "system"
Output Format                      : NGC
Target Device                      : xc3s100e-4-cp132

---- Source Options
Top Module Name                    : system
Automatic FSM Extraction           : YES
FSM Encoding Algorithm             : Auto
Safe Implementation                : No
FSM Style                          : LUT
RAM Extraction                     : Yes
RAM Style                          : Auto
ROM Extraction                     : Yes
Mux Style                          : Auto
Decoder Extraction                 : YES
Priority Encoder Extraction        : Yes
Shift Register Extraction          : YES
Logical Shifter Extraction         : YES
XOR Collapsing                     : YES
ROM Style                          : Auto
Mux Extraction                     : Yes
Resource Sharing                   : YES
Asynchronous To Synchronous        : NO
Multiplier Style                   : Auto
Automatic Register Balancing       : No

---- Target Options
Add IO Buffers                     : YES
Global Maximum Fanout              : 500
Add Generic Clock Buffer(BUFG)     : 24
Register Duplication               : YES
Slice Packing                      : YES
Optimize Instantiated Primitives   : NO
Use Clock Enable                   : Yes
Use Synchronous Set                : Yes
Use Synchronous Reset              : Yes
Pack IO Registers into IOBs        : Auto
Equivalent register Removal        : YES

---- General Options
Optimization Goal                  : Speed
Optimization Effort                : 1
Keep Hierarchy                     : No
Netlist Hierarchy                  : As_Optimized
RTL Output                         : Yes
Global Optimization                : AllClockNets
Read Cores                         : YES
Write Timing Constraints           : NO
Cross Clock Analysis               : NO
Hierarchy Separator                : /
Bus Delimiter                      : <>
Case Specifier                     : Maintain
Slice Utilization Ratio            : 100
BRAM Utilization Ratio             : 100
Verilog 2001                       : YES
Auto BRAM Packing                  : NO
Slice Utilization Ratio Delta      : 5

=========================================================================


=========================================================================
*                          HDL Compilation                              *
=========================================================================
Compiling vhdl file "//psf/host/Users/winda/Documents/hartford/ECE534/PROJECT/alu/control.vhd" in Library work.
Architecture behavioral of Entity control is up to date.
Compiling vhdl file "//psf/host/Users/winda/Documents/hartford/ECE534/PROJECT/alu/MUX.vhd" in Library work.
Architecture behavioral of Entity mux is up to date.
Compiling vhdl file "//psf/host/Users/winda/Documents/hartford/ECE534/PROJECT/alu/ALU.vhd" in Library work.
Entity <alu> compiled.
Entity <alu> (Architecture <behavioral>) compiled.
Compiling vhdl file "//psf/host/Users/winda/Documents/hartford/ECE534/PROJECT/alu/system.vhd" in Library work.
Entity <system> compiled.
Entity <system> (Architecture <behavioral>) compiled.

=========================================================================
*                     Design Hierarchy Analysis                         *
=========================================================================
Analyzing hierarchy for entity <system> in library <work> (architecture <behavioral>) with generics.
	ABITS = 2
	DBITS = 4

Analyzing hierarchy for entity <control> in library <work> (architecture <behavioral>) with generics.
	ABITS = 2
	DBITS = 4

Analyzing hierarchy for entity <MUX> in library <work> (architecture <behavioral>) with generics.
	ABITS = 2
	DBITS = 4

Analyzing hierarchy for entity <ALU> in library <work> (architecture <behavioral>) with generics.
	ABITS = 2
	DBITS = 4


=========================================================================
*                            HDL Analysis                               *
=========================================================================
Analyzing generic Entity <system> in library <work> (Architecture <behavioral>).
	ABITS = 2
	DBITS = 4
Entity <system> analyzed. Unit <system> generated.

Analyzing generic Entity <control> in library <work> (Architecture <behavioral>).
	ABITS = 2
	DBITS = 4
WARNING:Xst:790 - "//psf/host/Users/winda/Documents/hartford/ECE534/PROJECT/alu/control.vhd" line 46: Index value(s) does not match array range, simulation mismatch.
Entity <control> analyzed. Unit <control> generated.

Analyzing generic Entity <MUX> in library <work> (Architecture <behavioral>).
	ABITS = 2
	DBITS = 4
Entity <MUX> analyzed. Unit <MUX> generated.

Analyzing generic Entity <ALU> in library <work> (Architecture <behavioral>).
	ABITS = 2
	DBITS = 4
Entity <ALU> analyzed. Unit <ALU> generated.


=========================================================================
*                           HDL Synthesis                               *
=========================================================================

Performing bidirectional port resolution...

Synthesizing Unit <control>.
    Related source file is "//psf/host/Users/winda/Documents/hartford/ECE534/PROJECT/alu/control.vhd".
WARNING:Xst:1780 - Signal <nat> is never used or assigned. This unconnected signal will be trimmed during the optimization process.
    Found 7x18-bit ROM for signal <Ctl>.
    Summary:
	inferred   1 ROM(s).
Unit <control> synthesized.


Synthesizing Unit <MUX>.
    Related source file is "//psf/host/Users/winda/Documents/hartford/ECE534/PROJECT/alu/MUX.vhd".
    Found 4-bit 4-to-1 multiplexer for signal <yout>.
    Summary:
	inferred   4 Multiplexer(s).
Unit <MUX> synthesized.


Synthesizing Unit <ALU>.
    Related source file is "//psf/host/Users/winda/Documents/hartford/ECE534/PROJECT/alu/ALU.vhd".
    Found 5-bit 4-to-1 multiplexer for signal <z1>.
    Found 5-bit addsub for signal <z1$addsub0000>.
    Summary:
	inferred   1 Adder/Subtractor(s).
	inferred   5 Multiplexer(s).
Unit <ALU> synthesized.


Synthesizing Unit <system>.
    Related source file is "//psf/host/Users/winda/Documents/hartford/ECE534/PROJECT/alu/system.vhd".
WARNING:Xst:1780 - Signal <sel> is never used or assigned. This unconnected signal will be trimmed during the optimization process.
    Found 4-bit register for signal <A>.
    Found 4-bit register for signal <address>.
    Found 4-bit adder for signal <address$share0000>.
    Found 4-bit register for signal <B>.
    Found 4-bit register for signal <C>.
    Found 1-bit register for signal <cflag>.
    Found 1-bit register for signal <zflag>.
    Summary:
	inferred  18 D-type flip-flop(s).
	inferred   1 Adder/Subtractor(s).
Unit <system> synthesized.

INFO:Xst:1767 - HDL ADVISOR - Resource sharing has identified that some arithmetic operations in this design can share the same physical resources for reduced device utilization. For improved clock frequency you may try to disable resource sharing.

=========================================================================
HDL Synthesis Report

Macro Statistics
# ROMs                                                 : 1
 7x18-bit ROM                                          : 1
# Adders/Subtractors                                   : 2
 4-bit adder                                           : 1
 5-bit addsub                                          : 1
# Registers                                            : 6
 1-bit register                                        : 2
 4-bit register                                        : 4
# Multiplexers                                         : 2
 4-bit 4-to-1 multiplexer                              : 1
 5-bit 4-to-1 multiplexer                              : 1

=========================================================================

=========================================================================
*                       Advanced HDL Synthesis                          *
=========================================================================


=========================================================================
Advanced HDL Synthesis Report

Macro Statistics
# ROMs                                                 : 1
 7x18-bit ROM                                          : 1
# Adders/Subtractors                                   : 2
 4-bit adder                                           : 1
 5-bit addsub                                          : 1
# Registers                                            : 18
 Flip-Flops                                            : 18
# Multiplexers                                         : 2
 4-bit 4-to-1 multiplexer                              : 1
 5-bit 4-to-1 multiplexer                              : 1

=========================================================================

=========================================================================
*                         Low Level Synthesis                           *
=========================================================================

Optimizing unit <system> ...

Optimizing unit <ALU> ...

Mapping all equations...
Building and optimizing final netlist ...
Found area constraint ratio of 100 (+ 5) on block system, actual ratio is 2.

Final Macro Processing ...

=========================================================================
Final Register Report

Macro Statistics
# Registers                                            : 17
 Flip-Flops                                            : 17

=========================================================================

=========================================================================
*                           Partition Report                            *
=========================================================================

Partition Implementation Status
-------------------------------

  No Partitions were found in this design.

-------------------------------

=========================================================================
*                            Final Report                               *
=========================================================================
Final Results
RTL Top Level Output File Name     : system.ngr
Top Level Output File Name         : system
Output Format                      : NGC
Optimization Goal                  : Speed
Keep Hierarchy                     : No

Design Statistics
# IOs                              : 14

Cell Usage :
# BELS                             : 49
#      LUT2                        : 2
#      LUT3                        : 8
#      LUT3_D                      : 3
#      LUT4                        : 25
#      LUT4_D                      : 2
#      LUT4_L                      : 3
#      MUXF5                       : 5
#      VCC                         : 1
# FlipFlops/Latches                : 17
#      FDE                         : 12
#      FDR                         : 4
#      FDRE                        : 1
# Clock Buffers                    : 1
#      BUFGP                       : 1
# IO Buffers                       : 13
#      IBUF                        : 5
#      OBUF                        : 8
=========================================================================

Device utilization summary:
---------------------------

Selected Device : 3s100ecp132-4 

 Number of Slices:                       24  out of    960     2%  
 Number of Slice Flip Flops:             17  out of   1920     0%  
 Number of 4 input LUTs:                 43  out of   1920     2%  
 Number of IOs:                          14
 Number of bonded IOBs:                  14  out of     83    16%  
 Number of GCLKs:                         1  out of     24     4%  

---------------------------
Partition Resource Summary:
---------------------------

  No Partitions were found in this design.

---------------------------


=========================================================================
TIMING REPORT

NOTE: THESE TIMING NUMBERS ARE ONLY A SYNTHESIS ESTIMATE.
      FOR ACCURATE TIMING INFORMATION PLEASE REFER TO THE TRACE REPORT
      GENERATED AFTER PLACE-and-ROUTE.

Clock Information:
------------------
-----------------------------------+------------------------+-------+
Clock Signal                       | Clock buffer(FF name)  | Load  |
-----------------------------------+------------------------+-------+
Clock                              | BUFGP                  | 17    |
-----------------------------------+------------------------+-------+

Asynchronous Control Signals Information:
----------------------------------------
No asynchronous control signals found in this design

Timing Summary:
---------------
Speed Grade: -4

   Minimum period: 8.926ns (Maximum Frequency: 112.032MHz)
   Minimum input arrival time before clock: 8.675ns
   Maximum output required time after clock: 5.065ns
   Maximum combinational path delay: No path found

Timing Detail:
--------------
All values displayed in nanoseconds (ns)

=========================================================================
Timing constraint: Default period analysis for Clock 'Clock'
  Clock period: 8.926ns (frequency: 112.032MHz)
  Total number of paths / destination ports: 1054 / 30
-------------------------------------------------------------------------
Delay:               8.926ns (Levels of Logic = 7)
  Source:            address_1 (FF)
  Destination:       address_1 (FF)
  Source Clock:      Clock rising
  Destination Clock: Clock rising

  Data Path: address_1 to address_1
                                Gate     Net
    Cell:in->out      fanout   Delay   Delay  Logical Name (Net Name)
    ----------------------------------------  ------------
     FDR:C->Q             23   0.591   1.377  address_1 (address_1)
     LUT4:I0->O            1   0.704   0.000  Umux/Mmux_yout_2_f5_F (N57)
     MUXF5:I0->O           4   0.321   0.591  Umux/Mmux_yout_2_f5 (y<0>)
     LUT4_L:I3->LO         1   0.704   0.104  Ualu/Maddsub_z1_addsub0000_cy<0>11 (Ualu/Maddsub_z1_addsub0000_cy<0>)
     LUT4:I3->O            3   0.704   0.535  Ualu/Maddsub_z1_addsub0000_cy<1>11 (Ualu/Maddsub_z1_addsub0000_cy<1>)
     LUT4:I3->O            1   0.704   0.424  Ualu/Mmux_z19_SW1_SW1 (N36)
     LUT4_D:I3->O          2   0.704   0.451  Ualu/Mmux_z19 (cf)
     LUT4:I3->O            1   0.704   0.000  address_mux0004<1> (address_mux0004<1>)
     FDR:D                     0.308          address_1
    ----------------------------------------
    Total                      8.926ns (5.444ns logic, 3.482ns route)
                                       (61.0% logic, 39.0% route)

=========================================================================
Timing constraint: Default OFFSET IN BEFORE for Clock 'Clock'
  Total number of paths / destination ports: 88 / 32
-------------------------------------------------------------------------
Offset:              8.675ns (Levels of Logic = 8)
  Source:            SWITCHS<0> (PAD)
  Destination:       address_1 (FF)
  Destination Clock: Clock rising

  Data Path: SWITCHS<0> to address_1
                                Gate     Net
    Cell:in->out      fanout   Delay   Delay  Logical Name (Net Name)
    ----------------------------------------  ------------
     IBUF:I->O             1   1.218   0.499  SWITCHS_0_IBUF (SWITCHS_0_IBUF)
     LUT4:I1->O            1   0.704   0.000  Umux/Mmux_yout_2_f5_F (N57)
     MUXF5:I0->O           4   0.321   0.591  Umux/Mmux_yout_2_f5 (y<0>)
     LUT4_L:I3->LO         1   0.704   0.104  Ualu/Maddsub_z1_addsub0000_cy<0>11 (Ualu/Maddsub_z1_addsub0000_cy<0>)
     LUT4:I3->O            3   0.704   0.535  Ualu/Maddsub_z1_addsub0000_cy<1>11 (Ualu/Maddsub_z1_addsub0000_cy<1>)
     LUT4:I3->O            1   0.704   0.424  Ualu/Mmux_z19_SW1_SW1 (N36)
     LUT4_D:I3->O          2   0.704   0.451  Ualu/Mmux_z19 (cf)
     LUT4:I3->O            1   0.704   0.000  address_mux0004<1> (address_mux0004<1>)
     FDR:D                     0.308          address_1
    ----------------------------------------
    Total                      8.675ns (6.071ns logic, 2.604ns route)
                                       (70.0% logic, 30.0% route)

=========================================================================
Timing constraint: Default OFFSET OUT AFTER for Clock 'Clock'
  Total number of paths / destination ports: 8 / 8
-------------------------------------------------------------------------
Offset:              5.065ns (Levels of Logic = 1)
  Source:            address_1 (FF)
  Destination:       ADDRESS1<1> (PAD)
  Source Clock:      Clock rising

  Data Path: address_1 to ADDRESS1<1>
                                Gate     Net
    Cell:in->out      fanout   Delay   Delay  Logical Name (Net Name)
    ----------------------------------------  ------------
     FDR:C->Q             23   0.591   1.202  address_1 (address_1)
     OBUF:I->O                 3.272          ADDRESS1_1_OBUF (ADDRESS1<1>)
    ----------------------------------------
    Total                      5.065ns (3.863ns logic, 1.202ns route)
                                       (76.3% logic, 23.7% route)

=========================================================================


Total REAL time to Xst completion: 5.00 secs
Total CPU time to Xst completion: 5.35 secs
 
--> 

Total memory usage is 187924 kilobytes

Number of errors   :    0 (   0 filtered)
Number of warnings :    3 (   0 filtered)
Number of infos    :    1 (   0 filtered)

