V3 15
FL //psf/host/Users/winda/Documents/hartford/ECE534/PROJECT/alu/ALU.vhd 2013/12/11.16:11:17 O.61xd
EN work/ALU 1386796296 \
      FL //psf/host/Users/winda/Documents/hartford/ECE534/PROJECT/alu/ALU.vhd \
      PB ieee/std_logic_1164 1308643377 PB ieee/std_logic_arith 1308643378 \
      PB ieee/STD_LOGIC_UNSIGNED 1308643379
AR work/ALU/Behavioral 1386796297 \
      FL //psf/host/Users/winda/Documents/hartford/ECE534/PROJECT/alu/ALU.vhd \
      EN work/ALU 1386796296
FL //psf/host/Users/winda/Documents/hartford/ECE534/PROJECT/alu/control.vhd 2013/12/11.16:10:32 O.61xd
EN work/control 1386796292 \
      FL //psf/host/Users/winda/Documents/hartford/ECE534/PROJECT/alu/control.vhd \
      PB ieee/std_logic_1164 1308643377 PB ieee/std_logic_arith 1308643378 \
      PB ieee/STD_LOGIC_UNSIGNED 1308643379
AR work/control/Behavioral 1386796293 \
      FL //psf/host/Users/winda/Documents/hartford/ECE534/PROJECT/alu/control.vhd \
      EN work/control 1386796292
FL //psf/host/Users/winda/Documents/hartford/ECE534/PROJECT/alu/MUX.vhd 2013/12/11.01:02:15 O.61xd
EN work/MUX 1386796294 \
      FL //psf/host/Users/winda/Documents/hartford/ECE534/PROJECT/alu/MUX.vhd \
      PB ieee/std_logic_1164 1308643377 PB ieee/std_logic_arith 1308643378 \
      PB ieee/STD_LOGIC_UNSIGNED 1308643379
AR work/MUX/Behavioral 1386796295 \
      FL //psf/host/Users/winda/Documents/hartford/ECE534/PROJECT/alu/MUX.vhd \
      EN work/MUX 1386796294
FL //psf/host/Users/winda/Documents/hartford/ECE534/PROJECT/alu/system.vhd 2013/12/11.16:06:43 O.61xd
EN work/system 1386796298 \
      FL //psf/host/Users/winda/Documents/hartford/ECE534/PROJECT/alu/system.vhd \
      PB ieee/std_logic_1164 1308643377 PB ieee/std_logic_arith 1308643378 \
      PB ieee/STD_LOGIC_UNSIGNED 1308643379
AR work/system/Behavioral 1386796299 \
      FL //psf/host/Users/winda/Documents/hartford/ECE534/PROJECT/alu/system.vhd \
      EN work/system 1386796298 CP control CP MUX CP Alu
